data/breakfast-at-the-frat/subsets/complete/3800031829-623-complete.csv
"WEEK_END_DATE","STORE_NUM","UPC","UNITS","VISITS","HHS","SPEND","PRICE","BASE_PRICE","FEATURE","DISPLAY","TPR_ONLY","WEEK_END_DATE_2","YEAR","MONTH","DAY_OF_MONTH","ABS_DISCOUNT","REL_DISCOUNT"
"14-01-2009",623,3800031829,21,21,21,60.48,2.88,2.88,0,0,0,2009-01-14,2009,1,14,0,0
"21-01-2009",623,3800031829,15,13,13,43.2,2.88,2.88,0,0,0,2009-01-21,2009,1,21,0,0
"28-01-2009",623,3800031829,29,26,26,83.52,2.88,2.88,0,0,0,2009-01-28,2009,1,28,0,0
"04-02-2009",623,3800031829,11,11,11,31.68,2.88,2.88,0,0,0,2009-02-04,2009,2,4,0,0
"11-02-2009",623,3800031829,25,21,21,72,2.88,2.88,0,0,0,2009-02-11,2009,2,11,0,0
"18-02-2009",623,3800031829,27,27,27,77.76,2.88,2.88,0,0,0,2009-02-18,2009,2,18,0,0
"25-02-2009",623,3800031829,36,35,35,103.68,2.88,2.88,0,0,0,2009-02-25,2009,2,25,0,0
"04-03-2009",623,3800031829,36,38,36,103.68,2.88,2.88,0,0,0,2009-03-04,2009,3,4,0,0
"11-03-2009",623,3800031829,28,28,27,78.96,2.82,2.82,0,0,0,2009-03-11,2009,3,11,0,0
"18-03-2009",623,3800031829,38,34,33,94.62,2.49,2.82,1,0,0,2009-03-18,2009,3,18,-0.33,-0.117021276595745
"25-03-2009",623,3800031829,42,38,38,105,2.5,2.82,1,0,0,2009-03-25,2009,3,25,-0.32,-0.113475177304964
"01-04-2009",623,3800031829,34,33,33,84.66,2.49,2.82,0,0,1,2009-04-01,2009,4,1,-0.33,-0.117021276595745
"08-04-2009",623,3800031829,14,14,14,40.32,2.88,2.88,0,0,0,2009-04-08,2009,4,8,0,0
"15-04-2009",623,3800031829,24,26,26,69.12,2.88,2.88,0,0,0,2009-04-15,2009,4,15,0,0
"22-04-2009",623,3800031829,22,21,21,63.36,2.88,2.88,0,0,0,2009-04-22,2009,4,22,0,0
"29-04-2009",623,3800031829,9,9,9,25.92,2.88,2.88,0,0,0,2009-04-29,2009,4,29,0,0
"06-05-2009",623,3800031829,28,28,28,80.64,2.88,2.88,0,0,0,2009-05-06,2009,5,6,0,0
"13-05-2009",623,3800031829,79,68,68,158,2,2.88,1,1,0,2009-05-13,2009,5,13,-0.88,-0.305555555555556
"20-05-2009",623,3800031829,30,30,29,86.4,2.88,2.88,0,0,0,2009-05-20,2009,5,20,0,0
"27-05-2009",623,3800031829,38,36,36,109.44,2.88,2.88,0,0,0,2009-05-27,2009,5,27,0,0
"03-06-2009",623,3800031829,34,32,32,97.92,2.88,2.88,0,0,0,2009-06-03,2009,6,3,0,0
"10-06-2009",623,3800031829,21,20,20,60.48,2.88,2.88,0,0,0,2009-06-10,2009,6,10,0,0
"17-06-2009",623,3800031829,27,27,26,77.76,2.88,2.88,0,0,0,2009-06-17,2009,6,17,0,0
"24-06-2009",623,3800031829,21,20,20,60.48,2.88,2.88,0,0,0,2009-06-24,2009,6,24,0,0
"01-07-2009",623,3800031829,33,31,31,95.04,2.88,2.88,0,0,0,2009-07-01,2009,7,1,0,0
"08-07-2009",623,3800031829,42,38,37,120.96,2.88,2.88,0,0,0,2009-07-08,2009,7,8,0,0
"15-07-2009",623,3800031829,32,28,28,92.16,2.88,2.88,0,0,0,2009-07-15,2009,7,15,0,0
"22-07-2009",623,3800031829,40,34,30,107.6,2.69,2.88,1,0,0,2009-07-22,2009,7,22,-0.19,-0.0659722222222222
"29-07-2009",623,3800031829,27,25,25,72.63,2.69,2.88,1,0,0,2009-07-29,2009,7,29,-0.19,-0.0659722222222222
"05-08-2009",623,3800031829,26,24,23,74.88,2.88,2.88,0,0,0,2009-08-05,2009,8,5,0,0
"12-08-2009",623,3800031829,31,28,27,89.28,2.88,2.88,0,0,0,2009-08-12,2009,8,12,0,0
"19-08-2009",623,3800031829,48,41,37,138.24,2.88,2.88,0,0,0,2009-08-19,2009,8,19,0,0
"26-08-2009",623,3800031829,35,29,28,100.8,2.88,2.88,0,0,0,2009-08-26,2009,8,26,0,0
"02-09-2009",623,3800031829,32,28,28,92.16,2.88,2.88,0,0,0,2009-09-02,2009,9,2,0,0
"09-09-2009",623,3800031829,23,22,22,66.24,2.88,2.88,0,0,0,2009-09-09,2009,9,9,0,0
"16-09-2009",623,3800031829,43,39,39,123.84,2.88,2.88,0,0,0,2009-09-16,2009,9,16,0,0
"23-09-2009",623,3800031829,26,20,20,74.88,2.88,2.88,0,0,0,2009-09-23,2009,9,23,0,0
"30-09-2009",623,3800031829,31,30,28,89.28,2.88,2.88,0,0,0,2009-09-30,2009,9,30,0,0
"07-10-2009",623,3800031829,22,21,21,62.48,2.84,2.84,0,0,0,2009-10-07,2009,10,7,0,0
"14-10-2009",623,3800031829,39,35,35,112.32,2.88,2.88,0,0,0,2009-10-14,2009,10,14,0,0
"21-10-2009",623,3800031829,37,36,35,106.56,2.88,2.88,0,0,0,2009-10-21,2009,10,21,0,0
"28-10-2009",623,3800031829,27,27,27,77.76,2.88,2.88,0,0,0,2009-10-28,2009,10,28,0,0
"04-11-2009",623,3800031829,29,29,29,83.52,2.88,2.88,0,0,0,2009-11-04,2009,11,4,0,0
"11-11-2009",623,3800031829,32,29,29,92.16,2.88,2.88,0,0,0,2009-11-11,2009,11,11,0,0
"18-11-2009",623,3800031829,44,38,36,126.72,2.88,2.88,0,0,0,2009-11-18,2009,11,18,0,0
"25-11-2009",623,3800031829,15,15,15,37.5,2.5,2.88,1,0,0,2009-11-25,2009,11,25,-0.38,-0.131944444444444
"02-12-2009",623,3800031829,32,29,29,80.32,2.51,2.88,1,0,0,2009-12-02,2009,12,2,-0.37,-0.128472222222222
"09-12-2009",623,3800031829,33,33,31,95.04,2.88,2.88,0,0,0,2009-12-09,2009,12,9,0,0
"16-12-2009",623,3800031829,25,21,20,72,2.88,2.88,0,0,0,2009-12-16,2009,12,16,0,0
"23-12-2009",623,3800031829,18,17,17,51.84,2.88,2.88,0,0,0,2009-12-23,2009,12,23,0,0
"30-12-2009",623,3800031829,25,22,22,72,2.88,2.88,1,0,0,2009-12-30,2009,12,30,0,0
"06-01-2010",623,3800031829,45,41,40,129.6,2.88,2.88,0,0,0,2010-01-06,2010,1,6,0,0
"13-01-2010",623,3800031829,28,25,25,80.64,2.88,2.88,0,0,0,2010-01-13,2010,1,13,0,0
"20-01-2010",623,3800031829,37,35,33,106.56,2.88,2.88,0,0,0,2010-01-20,2010,1,20,0,0
"27-01-2010",623,3800031829,9,9,9,25.92,2.88,2.88,0,0,0,2010-01-27,2010,1,27,0,0
"03-02-2010",623,3800031829,21,20,19,60.48,2.88,2.88,0,0,0,2010-02-03,2010,2,3,0,0
"10-02-2010",623,3800031829,32,28,28,92.16,2.88,2.88,0,0,0,2010-02-10,2010,2,10,0,0
"17-02-2010",623,3800031829,24,23,23,69.12,2.88,2.88,0,0,0,2010-02-17,2010,2,17,0,0
"24-02-2010",623,3800031829,24,19,19,69.12,2.88,2.88,0,0,0,2010-02-24,2010,2,24,0,0
"03-03-2010",623,3800031829,41,33,33,102.5,2.5,2.88,0,0,1,2010-03-03,2010,3,3,-0.38,-0.131944444444444
"10-03-2010",623,3800031829,25,23,21,72,2.88,2.88,0,0,0,2010-03-10,2010,3,10,0,0
"17-03-2010",623,3800031829,13,13,13,37.44,2.88,2.88,0,0,0,2010-03-17,2010,3,17,0,0
"24-03-2010",623,3800031829,51,41,41,141.27,2.77,2.88,1,0,0,2010-03-24,2010,3,24,-0.11,-0.0381944444444444
"31-03-2010",623,3800031829,47,37,37,130.19,2.77,2.88,1,0,0,2010-03-31,2010,3,31,-0.11,-0.0381944444444444
"07-04-2010",623,3800031829,17,15,15,48.96,2.88,2.88,0,0,0,2010-04-07,2010,4,7,0,0
"14-04-2010",623,3800031829,29,27,26,83.52,2.88,2.88,0,0,0,2010-04-14,2010,4,14,0,0
"21-04-2010",623,3800031829,32,26,26,92.16,2.88,2.88,0,0,0,2010-04-21,2010,4,21,0,0
"28-04-2010",623,3800031829,32,31,30,92.16,2.88,2.88,0,0,0,2010-04-28,2010,4,28,0,0
"05-05-2010",623,3800031829,32,27,26,80.32,2.51,2.88,1,0,0,2010-05-05,2010,5,5,-0.37,-0.128472222222222
"12-05-2010",623,3800031829,23,20,19,66.24,2.88,2.88,0,0,0,2010-05-12,2010,5,12,0,0
"19-05-2010",623,3800031829,37,34,34,106.56,2.88,2.88,0,0,0,2010-05-19,2010,5,19,0,0
"26-05-2010",623,3800031829,27,26,26,77.76,2.88,2.88,0,0,0,2010-05-26,2010,5,26,0,0
"02-06-2010",623,3800031829,35,32,31,100.1,2.86,2.86,0,0,0,2010-06-02,2010,6,2,0,0
"09-06-2010",623,3800031829,47,42,42,139.12,2.96,2.86,1,0,0,2010-06-09,2010,6,9,0.1,0.034965034965035
"16-06-2010",623,3800031829,117,86,86,292.5,2.5,2.86,1,1,0,2010-06-16,2010,6,16,-0.36,-0.125874125874126
"23-06-2010",623,3800031829,34,30,30,85,2.5,2.86,0,1,0,2010-06-23,2010,6,23,-0.36,-0.125874125874126
"30-06-2010",623,3800031829,26,24,24,77.22,2.97,2.97,0,0,0,2010-06-30,2010,6,30,0,0
"07-07-2010",623,3800031829,27,25,24,84.24,3.12,3.12,0,0,0,2010-07-07,2010,7,7,0,0
"14-07-2010",623,3800031829,47,36,36,95.88,2.04,3.12,1,0,0,2010-07-14,2010,7,14,-1.08,-0.346153846153846
"21-07-2010",623,3800031829,17,17,17,54.23,3.19,3.19,0,0,0,2010-07-21,2010,7,21,0,0
"28-07-2010",623,3800031829,9,8,8,28.71,3.19,3.19,0,0,0,2010-07-28,2010,7,28,0,0
"04-08-2010",623,3800031829,17,17,16,54.23,3.19,3.19,0,0,0,2010-08-04,2010,8,4,0,0
"11-08-2010",623,3800031829,18,16,16,57.42,3.19,3.19,0,0,0,2010-08-11,2010,8,11,0,0
"18-08-2010",623,3800031829,21,20,20,66.99,3.19,3.19,0,0,0,2010-08-18,2010,8,18,0,0
"25-08-2010",623,3800031829,32,27,27,102.08,3.19,3.19,0,0,0,2010-08-25,2010,8,25,0,0
"01-09-2010",623,3800031829,22,21,20,70.18,3.19,3.19,0,0,0,2010-09-01,2010,9,1,0,0
"08-09-2010",623,3800031829,22,18,17,70.18,3.19,3.19,0,0,0,2010-09-08,2010,9,8,0,0
"15-09-2010",623,3800031829,11,10,10,35.09,3.19,3.19,0,0,0,2010-09-15,2010,9,15,0,0
"22-09-2010",623,3800031829,16,14,13,51.04,3.19,3.19,0,0,0,2010-09-22,2010,9,22,0,0
"29-09-2010",623,3800031829,10,9,9,31.9,3.19,3.19,0,0,0,2010-09-29,2010,9,29,0,0
"06-10-2010",623,3800031829,26,21,20,82.94,3.19,3.19,0,0,0,2010-10-06,2010,10,6,0,0
"13-10-2010",623,3800031829,17,14,14,54.23,3.19,3.19,0,0,0,2010-10-13,2010,10,13,0,0
"20-10-2010",623,3800031829,23,20,20,69.92,3.04,3.04,0,0,0,2010-10-20,2010,10,20,0,0
"27-10-2010",623,3800031829,26,21,21,65.78,2.53,3.04,0,0,1,2010-10-27,2010,10,27,-0.51,-0.167763157894737
"03-11-2010",623,3800031829,22,17,17,56.32,2.56,3.04,0,0,1,2010-11-03,2010,11,3,-0.48,-0.157894736842105
"10-11-2010",623,3800031829,19,16,16,48.26,2.54,3.04,0,0,1,2010-11-10,2010,11,10,-0.5,-0.164473684210526
"17-11-2010",623,3800031829,31,27,26,77.5,2.5,3.04,1,0,0,2010-11-17,2010,11,17,-0.54,-0.177631578947368
"24-11-2010",623,3800031829,22,20,19,55.66,2.53,3.04,0,0,1,2010-11-24,2010,11,24,-0.51,-0.167763157894737
"01-12-2010",623,3800031829,25,21,21,66,2.64,3.04,0,0,1,2010-12-01,2010,12,1,-0.4,-0.131578947368421
"08-12-2010",623,3800031829,11,10,10,35.09,3.19,3.19,0,0,0,2010-12-08,2010,12,8,0,0
"15-12-2010",623,3800031829,15,14,14,47.85,3.19,3.19,0,0,0,2010-12-15,2010,12,15,0,0
"22-12-2010",623,3800031829,9,9,9,28.71,3.19,3.19,0,0,0,2010-12-22,2010,12,22,0,0
"29-12-2010",623,3800031829,13,11,11,41.47,3.19,3.19,0,0,0,2010-12-29,2010,12,29,0,0
"05-01-2011",623,3800031829,19,18,18,60.61,3.19,3.19,0,0,0,2011-01-05,2011,1,5,0,0
"12-01-2011",623,3800031829,12,11,11,38.28,3.19,3.19,0,0,0,2011-01-12,2011,1,12,0,0
"19-01-2011",623,3800031829,19,19,18,60.61,3.19,3.19,0,0,0,2011-01-19,2011,1,19,0,0
"26-01-2011",623,3800031829,22,20,19,70.18,3.19,3.19,0,0,0,2011-01-26,2011,1,26,0,0
"02-02-2011",623,3800031829,17,14,12,54.23,3.19,3.19,0,0,0,2011-02-02,2011,2,2,0,0
"09-02-2011",623,3800031829,23,22,22,73.37,3.19,3.19,0,0,0,2011-02-09,2011,2,9,0,0
"16-02-2011",623,3800031829,41,38,37,103.32,2.52,3.19,1,1,0,2011-02-16,2011,2,16,-0.67,-0.210031347962382
"23-02-2011",623,3800031829,62,54,53,155,2.5,3.19,0,1,0,2011-02-23,2011,2,23,-0.69,-0.216300940438871
"02-03-2011",623,3800031829,61,58,58,153.11,2.51,3.19,0,1,0,2011-03-02,2011,3,2,-0.68,-0.213166144200627
"09-03-2011",623,3800031829,29,29,29,92.51,3.19,3.19,0,0,0,2011-03-09,2011,3,9,0,0
"16-03-2011",623,3800031829,23,23,22,73.37,3.19,3.19,0,0,0,2011-03-16,2011,3,16,0,0
"23-03-2011",623,3800031829,13,12,12,41.47,3.19,3.19,0,0,0,2011-03-23,2011,3,23,0,0
"30-03-2011",623,3800031829,23,23,23,73.37,3.19,3.19,0,0,0,2011-03-30,2011,3,30,0,0
"06-04-2011",623,3800031829,17,16,15,57.12,3.36,3.36,0,0,0,2011-04-06,2011,4,6,0,0
"13-04-2011",623,3800031829,14,13,13,47.04,3.36,3.36,0,0,0,2011-04-13,2011,4,13,0,0
"20-04-2011",623,3800031829,29,26,26,97.44,3.36,3.36,0,0,0,2011-04-20,2011,4,20,0,0
"27-04-2011",623,3800031829,18,17,17,60.48,3.36,3.36,0,0,0,2011-04-27,2011,4,27,0,0
"04-05-2011",623,3800031829,19,18,18,63.84,3.36,3.36,0,0,0,2011-05-04,2011,5,4,0,0
"11-05-2011",623,3800031829,19,17,17,63.84,3.36,3.36,0,0,0,2011-05-11,2011,5,11,0,0
"18-05-2011",623,3800031829,11,13,13,36.96,3.36,3.36,0,0,0,2011-05-18,2011,5,18,0,0
"25-05-2011",623,3800031829,24,22,22,80.64,3.36,3.36,0,0,0,2011-05-25,2011,5,25,0,0
"01-06-2011",623,3800031829,13,13,13,43.68,3.36,3.36,0,0,0,2011-06-01,2011,6,1,0,0
"08-06-2011",623,3800031829,21,19,19,70.56,3.36,3.36,0,0,0,2011-06-08,2011,6,8,0,0
"15-06-2011",623,3800031829,22,20,20,73.92,3.36,3.36,0,0,0,2011-06-15,2011,6,15,0,0
"22-06-2011",623,3800031829,83,72,70,225.76,2.72,3.36,1,1,0,2011-06-22,2011,6,22,-0.64,-0.19047619047619
"29-06-2011",623,3800031829,52,47,47,141.96,2.73,3.36,1,1,0,2011-06-29,2011,6,29,-0.63,-0.1875
"06-07-2011",623,3800031829,24,23,23,79.44,3.31,3.31,0,0,0,2011-07-06,2011,7,6,0,0
"13-07-2011",623,3800031829,13,13,12,43.68,3.36,3.36,0,0,0,2011-07-13,2011,7,13,0,0
"20-07-2011",623,3800031829,22,21,21,73.92,3.36,3.36,0,0,0,2011-07-20,2011,7,20,0,0
"27-07-2011",623,3800031829,29,28,27,97.44,3.36,3.36,0,0,0,2011-07-27,2011,7,27,0,0
"03-08-2011",623,3800031829,35,35,34,117.6,3.36,3.36,0,0,0,2011-08-03,2011,8,3,0,0
"10-08-2011",623,3800031829,35,33,33,117.6,3.36,3.36,0,0,0,2011-08-10,2011,8,10,0,0
"17-08-2011",623,3800031829,34,30,30,114.24,3.36,3.36,0,0,0,2011-08-17,2011,8,17,0,0
"24-08-2011",623,3800031829,25,24,24,84,3.36,3.36,0,0,0,2011-08-24,2011,8,24,0,0
"31-08-2011",623,3800031829,28,27,27,94.08,3.36,3.36,0,0,0,2011-08-31,2011,8,31,0,0
"07-09-2011",623,3800031829,40,33,31,134.4,3.36,3.36,0,0,0,2011-09-07,2011,9,7,0,0
"14-09-2011",623,3800031829,29,27,26,97.44,3.36,3.36,0,0,0,2011-09-14,2011,9,14,0,0
"21-09-2011",623,3800031829,30,27,27,100.8,3.36,3.36,0,0,0,2011-09-21,2011,9,21,0,0
"28-09-2011",623,3800031829,25,25,25,84,3.36,3.36,0,0,0,2011-09-28,2011,9,28,0,0
"05-10-2011",623,3800031829,27,23,23,90.72,3.36,3.36,0,0,0,2011-10-05,2011,10,5,0,0
"12-10-2011",623,3800031829,19,19,19,63.84,3.36,3.36,0,0,0,2011-10-12,2011,10,12,0,0
"19-10-2011",623,3800031829,25,24,24,84,3.36,3.36,0,0,0,2011-10-19,2011,10,19,0,0
"26-10-2011",623,3800031829,32,31,31,107.52,3.36,3.36,0,0,0,2011-10-26,2011,10,26,0,0
"02-11-2011",623,3800031829,25,23,23,84,3.36,3.36,0,0,0,2011-11-02,2011,11,2,0,0
"09-11-2011",623,3800031829,34,31,30,114.24,3.36,3.36,0,0,0,2011-11-09,2011,11,9,0,0
"16-11-2011",623,3800031829,27,25,25,90.72,3.36,3.36,0,0,0,2011-11-16,2011,11,16,0,0
"23-11-2011",623,3800031829,31,30,28,104.16,3.36,3.36,0,0,0,2011-11-23,2011,11,23,0,0
"30-11-2011",623,3800031829,22,22,22,73.92,3.36,3.36,0,0,0,2011-11-30,2011,11,30,0,0
"07-12-2011",623,3800031829,32,31,31,107.52,3.36,3.36,0,0,0,2011-12-07,2011,12,7,0,0
"14-12-2011",623,3800031829,13,13,13,43.68,3.36,3.36,0,0,0,2011-12-14,2011,12,14,0,0
"21-12-2011",623,3800031829,25,23,23,84,3.36,3.36,0,0,0,2011-12-21,2011,12,21,0,0
"28-12-2011",623,3800031829,16,15,15,53.76,3.36,3.36,0,0,0,2011-12-28,2011,12,28,0,0
"04-01-2012",623,3800031829,22,21,21,73.92,3.36,3.36,0,0,0,2012-01-04,2012,1,4,0,0
